User1@Familypc MINGW64 /e/CSUDH/CSC583
$ git clone https://github.com/nasser40/T1.git
Cloning into 'T1'...
remote: Counting objects: 7, done.
remote: Compressing objects: 100% (3/3), done.
remote: Total 7 (delta 0), reused 0 (delta 0), pack-reused 0
Unpacking objects: 100% (7/7), done.

User1@Familypc MINGW64 /e/CSUDH/CSC583
$ cd T1

User1@Familypc MINGW64 /e/CSUDH/CSC583/T1 (master)
$ ls
composer.json  index.php  README.md

User1@Familypc MINGW64 /e/CSUDH/CSC583/T1 (master)
$ git status
On branch master
Your branch is up-to-date with 'origin/master'.

Untracked files:
  (use "git add <file>..." to include in what will be committed)

        tt.txt

nothing added to commit but untracked files present (use "git add" to track)

User1@Familypc MINGW64 /e/CSUDH/CSC583/T1 (master)
$ git add.
git: 'add.' is not a git command. See 'git --help'.

The most similar command is
        add

User1@Familypc MINGW64 /e/CSUDH/CSC583/T1 (master)
$ git add .

User1@Familypc MINGW64 /e/CSUDH/CSC583/T1 (master)
$ git commit -m 'Add file tt'
[master eacd943] Add file tt
 1 file changed, 1 insertion(+)
 create mode 100644 tt.txt

User1@Familypc MINGW64 /e/CSUDH/CSC583/T1 (master)
$ git push https://github.com/nasser40/T1.git
Counting objects: 3, done.
Delta compression using up to 4 threads.
Compressing objects: 100% (2/2), done.
Writing objects: 100% (3/3), 267 bytes | 133.00 KiB/s, done.
Total 3 (delta 1), reused 0 (delta 0)
remote: Resolving deltas: 100% (1/1), completed with 1 local object.
To https://github.com/nasser40/T1.git
   5172605..eacd943  master -> master

User1@Familypc MINGW64 /e/CSUDH/CSC583/T1 (master)
$
